<html>
<body>
<pre>
<h1>礦ision Build Log</h1>
<h2>Tool Versions:</h2>
IDE-Version: μVision V5.25.3.0
Copyright (C) 2018 ARM Ltd and ARM Germany GmbH. All rights reserved.
License Information: peng defeng, hxcx, LIC=8MZI6-DA6JY-LVT1I-TJ7HH-87HGP-P5RZA
 
Tool Versions:
Toolchain:       MDK-ARM Professional  Version: 5.35.0.2
Toolchain Path:  D:\keil\new install\ARM\ARMCC\Bin
C Compiler:      Armcc.exe V5.06 update 7 (build 960)
Assembler:       Armasm.exe V5.06 update 7 (build 960)
Linker/Locator:  ArmLink.exe V5.06 update 7 (build 960)
Library Manager: ArmAr.exe V5.06 update 7 (build 960)
Hex Converter:   FromElf.exe V5.06 update 7 (build 960)
CPU DLL:         SARMCM3.DLL V5.35.0.2
Dialog DLL:      DCM.DLL V1.17.3.0
Target DLL:      CMSIS_AGDI.dll V1.33.0.0
Dialog DLL:      TCM.DLL V1.53.0.0
 
<h2>Project:</h2>
D:\研究生\鲜花搬运机器人\software\flower\USER\Template.uvprojx
Project File Date:  06/27/2024

<h2>Output:</h2>
*** Using Compiler 'V5.06 update 7 (build 960)', folder: 'D:\keil\new install\ARM\ARMCC\Bin'
Build target 'Template'
compiling main.c...
..\HARDWARE\STEPPER\stepper.h(20): warning:  #1-D: last line of file ends without a newline
  #endif
..\HARDWARE\EC11\ec11.h(22): warning:  #1295-D: Deprecated declaration EC11_KEY1_click_do - give arg types
  void EC11_KEY1_click_do();
..\HARDWARE\EC11\ec11.h(29): warning:  #1-D: last line of file ends without a newline
   
..\HARDWARE\POWER\power.h(11): warning:  #1295-D: Deprecated declaration Get_voltage - give arg types
  u8 Get_voltage();
..\HARDWARE\POWER\power.h(14): warning:  #1-D: last line of file ends without a newline
  #endif
main.c(110): warning:  #111-D: statement is unreachable
  	return 0;
main.c: 6 warnings, 0 errors
linking...
Program Size: Code=18744 RO-data=8292 RW-data=72 ZI-data=2216  
FromELF: creating hex file...
"..\OBJ\Template.axf" - 0 Error(s), 6 Warning(s).

<h2>Software Packages used:</h2>

Package Vendor: Keil
                https://www.keil.com/pack/Keil.STM32F4xx_DFP.2.17.0.pack
                Keil.STM32F4xx_DFP.2.17.0
                STMicroelectronics STM32F4 Series Device Support, Drivers and Examples

<h2>Collection of Component include folders:</h2>
  .\RTE\_Template
  D:\keil\new install\Keil\STM32F4xx_DFP\2.17.0\Drivers\CMSIS\Device\ST\STM32F4xx\Include

<h2>Collection of Component Files used:</h2>
Build Time Elapsed:  00:00:02
</pre>
</body>
</html>
